20740 2026-07-27 22:55:23,943 webull.core.client ERROR ServerException occurred. Host:api.webull.com SDK-Version:2.0.16 Request:{
  "_version": "v2",
  "_action_name": "/openapi/config",
  "_protocol_type": "https",
  "_accept_format": "JSON",
  "_params": {},
  "_method": "GET",
  "_header": {
    "x-version": "v2",
    "Accept-Encoding": "gzip",
    "x-app-key": "53a77ca9e6c56a74be896b66272e4859",
    "x-timestamp": "2026-07-28T02:55:23Z",
    "x-signature-version": "1.0",
    "x-signature-algorithm": "HMAC-SHA256",
    "x-signature-nonce": "20c4f517-5292-5471-b2e2-243952e120f1",
    "x-signature": "U6M3ow7kxyu5fpgqiT87hsEysU99+0svDN+2oYgpUSA=",
    "User-Agent": "WebullApiSDK (Windows 10;AMD64) Python/3.14.6 Core/2.0.16 python-requests/2.34.2",
    "x-webull-client-source": "sdk"
  },
  "_body_params": null,
  "_uri_pattern": null,
  "_uri_params": null,
  "_content": null,
  "_extra_user_agent": {},
  "string_to_sign": "",
  "_request_connect_timeout": null,
  "_request_read_timeout": null,
  "endpoint": "api.webull.com",
  "_signer_spec": "<module 'webull.core.auth.algorithm.sha_hmac1' from 'C:\\\\Users\\\\Hulk\\\\AppData\\\\Local\\\\Python\\\\pythoncore-3.14-64\\\\Lib\\\\site-packages\\\\webull\\\\core\\\\auth\\\\algorithm\\\\sha_hmac1.py'>"
} Response:{'message': 'Header x-signature is invalid.', 'error_code': 'UNAUTHORIZED'} ServerException:HTTP Status: 401, Code: UNAUTHORIZED, Msg: Header x-signature is invalid., RequestID: ba306d81-ff71-4893-866d-a4c25f1a1015
20740 2026-07-27 22:55:23,943 webull.core.client ERROR get_response exception. {
  "error_code": "UNAUTHORIZED",
  "error_msg": "Header x-signature is invalid.",
  "http_status": 401,
  "request_id": "ba306d81-ff71-4893-866d-a4c25f1a1015"
}
20556 2026-07-27 23:16:01,665 webull.core.client ERROR ServerException occurred. Host:api.webull.com SDK-Version:2.0.16 Request:{
  "_version": "v2",
  "_action_name": "/openapi/config",
  "_protocol_type": "https",
  "_accept_format": "JSON",
  "_params": {},
  "_method": "GET",
  "_header": {
    "x-version": "v2",
    "Accept-Encoding": "gzip",
    "x-app-key": "53a77ca9e6c56a74be896b66272e4859",
    "x-timestamp": "2026-07-28T03:16:01Z",
    "x-signature-version": "1.0",
    "x-signature-algorithm": "HMAC-SHA256",
    "x-signature-nonce": "665a5c8b-00f3-5582-83cb-53d13b2429b3",
    "x-signature": "rl5EJ5S3V5gIK8ftAiqvxYgaDIUt5sWpogHadSm12mU=",
    "User-Agent": "WebullApiSDK (Windows 10;AMD64) Python/3.14.6 Core/2.0.16 python-requests/2.34.2",
    "x-webull-client-source": "sdk"
  },
  "_body_params": null,
  "_uri_pattern": null,
  "_uri_params": null,
  "_content": null,
  "_extra_user_agent": {},
  "string_to_sign": "",
  "_request_connect_timeout": null,
  "_request_read_timeout": null,
  "endpoint": "api.webull.com",
  "_signer_spec": "<module 'webull.core.auth.algorithm.sha_hmac1' from 'C:\\\\Users\\\\Hulk\\\\AppData\\\\Local\\\\Python\\\\pythoncore-3.14-64\\\\Lib\\\\site-packages\\\\webull\\\\core\\\\auth\\\\algorithm\\\\sha_hmac1.py'>"
} Response:{'message': 'Header x-signature is invalid.', 'error_code': 'UNAUTHORIZED'} ServerException:HTTP Status: 401, Code: UNAUTHORIZED, Msg: Header x-signature is invalid., RequestID: 95d525b4-0063-4f13-83e3-1b5e1b40869f
20556 2026-07-27 23:16:01,666 webull.core.client ERROR get_response exception. {
  "error_code": "UNAUTHORIZED",
  "error_msg": "Header x-signature is invalid.",
  "http_status": 401,
  "request_id": "95d525b4-0063-4f13-83e3-1b5e1b40869f"
}
